nohup: ignoring input
Planning suite report directory: /home/disco/Desktop/Projects/MultiSensorRoboticsWM/documentation/planning_suite_20260521_163236
Tasks: assembly-v3 basketball-v3 bin-picking-v3 box-close-v3 button-press-topdown-v3 button-press-topdown-wall-v3 button-press-v3 button-press-wall-v3 coffee-button-v3 coffee-pull-v3 coffee-push-v3 dial-turn-v3 disassemble-v3 door-close-v3 door-lock-v3 door-open-v3 door-unlock-v3 drawer-close-v3 drawer-open-v3 faucet-close-v3 faucet-open-v3 hammer-v3 hand-insert-v3 handle-press-side-v3 handle-press-v3 handle-pull-side-v3 handle-pull-v3 lever-pull-v3 peg-unplug-side-v3 pick-out-of-hole-v3 pick-place-v3 pick-place-wall-v3 plate-slide-back-side-v3 plate-slide-back-v3 plate-slide-side-v3 plate-slide-v3 push-back-v3 push-v3 push-wall-v3 reach-v3 reach-wall-v3 shelf-place-v3 soccer-v3 stick-pull-v3 stick-push-v3 sweep-into-v3 sweep-v3 window-close-v3 window-open-v3
Raw run records: /home/disco/Desktop/Projects/MultiSensorRoboticsWM/documentation/planning_suite_20260521_163236/planning_runs.jsonl
Parallel jobs: 12
=== TASK=assembly-v3 MODEL=metaworld_force_torque RUN=1 SEED=42 ===
=== TASK=assembly-v3 MODEL=metaworld_pixels RUN=3 SEED=44 ===
=== TASK=assembly-v3 MODEL=random_policy RUN=1 SEED=42 ===
=== TASK=assembly-v3 MODEL=metaworld_gated RUN=1 SEED=42 ===
=== TASK=assembly-v3 MODEL=metaworld_force_torque RUN=2 SEED=43 ===
=== TASK=assembly-v3 MODEL=random_policy RUN=2 SEED=43 ===
=== TASK=assembly-v3 MODEL=metaworld_force_torque RUN=3 SEED=44 ===
=== TASK=assembly-v3 MODEL=metaworld_gated RUN=3 SEED=44 ===
=== TASK=assembly-v3 MODEL=metaworld_gated RUN=2 SEED=43 ===
=== TASK=assembly-v3 MODEL=metaworld_pixels RUN=2 SEED=43 ===
=== TASK=assembly-v3 MODEL=metaworld_pixels RUN=1 SEED=42 ===
=== TASK=assembly-v3 MODEL=random_policy RUN=3 SEED=44 ===
=== TASK=assembly-v3 MODEL=metaworld_selfattention RUN=1 SEED=42 ===
=== TASK=assembly-v3 MODEL=metaworld_selfattention RUN=2 SEED=43 ===
=== TASK=assembly-v3 MODEL=metaworld_selfattention RUN=3 SEED=44 ===
=== TASK=assembly-v3 MODEL=metaworld_selfattention_masked_all RUN=1 SEED=42 ===
=== TASK=assembly-v3 MODEL=metaworld_selfattention_masked_all RUN=2 SEED=43 ===
=== TASK=assembly-v3 MODEL=metaworld_selfattention_masked_all RUN=3 SEED=44 ===
=== TASK=assembly-v3 MODEL=metaworld_selfattention_masked_pixels_only RUN=1 SEED=42 ===
=== TASK=assembly-v3 MODEL=metaworld_selfattention_masked_pixels_only RUN=2 SEED=43 ===
=== TASK=assembly-v3 MODEL=metaworld_selfattention_masked_pixels_only RUN=3 SEED=44 ===
=== TASK=basketball-v3 MODEL=random_policy RUN=1 SEED=42 ===
=== TASK=basketball-v3 MODEL=random_policy RUN=2 SEED=43 ===
=== TASK=basketball-v3 MODEL=random_policy RUN=3 SEED=44 ===
=== TASK=basketball-v3 MODEL=metaworld_force_torque RUN=1 SEED=42 ===
=== TASK=basketball-v3 MODEL=metaworld_force_torque RUN=2 SEED=43 ===
=== TASK=basketball-v3 MODEL=metaworld_force_torque RUN=3 SEED=44 ===
=== TASK=basketball-v3 MODEL=metaworld_gated RUN=1 SEED=42 ===
=== TASK=basketball-v3 MODEL=metaworld_gated RUN=2 SEED=43 ===
=== TASK=basketball-v3 MODEL=metaworld_gated RUN=3 SEED=44 ===
=== TASK=basketball-v3 MODEL=metaworld_pixels RUN=1 SEED=42 ===
=== TASK=basketball-v3 MODEL=metaworld_pixels RUN=2 SEED=43 ===
=== TASK=basketball-v3 MODEL=metaworld_pixels RUN=3 SEED=44 ===
=== TASK=basketball-v3 MODEL=metaworld_selfattention RUN=1 SEED=42 ===
=== TASK=basketball-v3 MODEL=metaworld_selfattention RUN=2 SEED=43 ===
=== TASK=basketball-v3 MODEL=metaworld_selfattention RUN=3 SEED=44 ===
=== TASK=basketball-v3 MODEL=metaworld_selfattention_masked_all RUN=1 SEED=42 ===
=== TASK=basketball-v3 MODEL=metaworld_selfattention_masked_all RUN=2 SEED=43 ===
=== TASK=basketball-v3 MODEL=metaworld_selfattention_masked_all RUN=3 SEED=44 ===
=== TASK=basketball-v3 MODEL=metaworld_selfattention_masked_pixels_only RUN=1 SEED=42 ===
=== TASK=basketball-v3 MODEL=metaworld_selfattention_masked_pixels_only RUN=2 SEED=43 ===
=== TASK=basketball-v3 MODEL=metaworld_selfattention_masked_pixels_only RUN=3 SEED=44 ===
=== TASK=bin-picking-v3 MODEL=random_policy RUN=1 SEED=42 ===
=== TASK=bin-picking-v3 MODEL=random_policy RUN=2 SEED=43 ===
=== TASK=bin-picking-v3 MODEL=random_policy RUN=3 SEED=44 ===
=== TASK=bin-picking-v3 MODEL=metaworld_force_torque RUN=1 SEED=42 ===
=== TASK=bin-picking-v3 MODEL=metaworld_force_torque RUN=2 SEED=43 ===
=== TASK=bin-picking-v3 MODEL=metaworld_force_torque RUN=3 SEED=44 ===
=== TASK=bin-picking-v3 MODEL=metaworld_gated RUN=1 SEED=42 ===
=== TASK=bin-picking-v3 MODEL=metaworld_gated RUN=2 SEED=43 ===
=== TASK=bin-picking-v3 MODEL=metaworld_gated RUN=3 SEED=44 ===
=== TASK=bin-picking-v3 MODEL=metaworld_pixels RUN=1 SEED=42 ===
=== TASK=bin-picking-v3 MODEL=metaworld_pixels RUN=2 SEED=43 ===
=== TASK=bin-picking-v3 MODEL=metaworld_pixels RUN=3 SEED=44 ===
=== TASK=bin-picking-v3 MODEL=metaworld_selfattention RUN=1 SEED=42 ===
=== TASK=bin-picking-v3 MODEL=metaworld_selfattention RUN=2 SEED=43 ===
=== TASK=bin-picking-v3 MODEL=metaworld_selfattention RUN=3 SEED=44 ===
=== TASK=bin-picking-v3 MODEL=metaworld_selfattention_masked_all RUN=1 SEED=42 ===
=== TASK=bin-picking-v3 MODEL=metaworld_selfattention_masked_all RUN=2 SEED=43 ===
=== TASK=bin-picking-v3 MODEL=metaworld_selfattention_masked_all RUN=3 SEED=44 ===
=== TASK=bin-picking-v3 MODEL=metaworld_selfattention_masked_pixels_only RUN=1 SEED=42 ===
=== TASK=bin-picking-v3 MODEL=metaworld_selfattention_masked_pixels_only RUN=2 SEED=43 ===
=== TASK=bin-picking-v3 MODEL=metaworld_selfattention_masked_pixels_only RUN=3 SEED=44 ===
=== TASK=box-close-v3 MODEL=random_policy RUN=1 SEED=42 ===
=== TASK=box-close-v3 MODEL=random_policy RUN=2 SEED=43 ===
=== TASK=box-close-v3 MODEL=random_policy RUN=3 SEED=44 ===
=== TASK=box-close-v3 MODEL=metaworld_force_torque RUN=1 SEED=42 ===
=== TASK=box-close-v3 MODEL=metaworld_force_torque RUN=2 SEED=43 ===
=== TASK=box-close-v3 MODEL=metaworld_force_torque RUN=3 SEED=44 ===
=== TASK=box-close-v3 MODEL=metaworld_gated RUN=1 SEED=42 ===
=== TASK=box-close-v3 MODEL=metaworld_gated RUN=2 SEED=43 ===
=== TASK=box-close-v3 MODEL=metaworld_gated RUN=3 SEED=44 ===
=== TASK=box-close-v3 MODEL=metaworld_pixels RUN=1 SEED=42 ===
=== TASK=box-close-v3 MODEL=metaworld_pixels RUN=2 SEED=43 ===
=== TASK=box-close-v3 MODEL=metaworld_pixels RUN=3 SEED=44 ===
=== TASK=box-close-v3 MODEL=metaworld_selfattention RUN=1 SEED=42 ===
=== TASK=box-close-v3 MODEL=metaworld_selfattention RUN=2 SEED=43 ===
=== TASK=box-close-v3 MODEL=metaworld_selfattention RUN=3 SEED=44 ===
=== TASK=box-close-v3 MODEL=metaworld_selfattention_masked_all RUN=1 SEED=42 ===
=== TASK=box-close-v3 MODEL=metaworld_selfattention_masked_all RUN=2 SEED=43 ===
=== TASK=box-close-v3 MODEL=metaworld_selfattention_masked_all RUN=3 SEED=44 ===
=== TASK=box-close-v3 MODEL=metaworld_selfattention_masked_pixels_only RUN=1 SEED=42 ===
=== TASK=box-close-v3 MODEL=metaworld_selfattention_masked_pixels_only RUN=2 SEED=43 ===
=== TASK=box-close-v3 MODEL=metaworld_selfattention_masked_pixels_only RUN=3 SEED=44 ===
=== TASK=button-press-topdown-v3 MODEL=random_policy RUN=1 SEED=42 ===
=== TASK=button-press-topdown-v3 MODEL=random_policy RUN=2 SEED=43 ===
=== TASK=button-press-topdown-v3 MODEL=random_policy RUN=3 SEED=44 ===
=== TASK=button-press-topdown-v3 MODEL=metaworld_force_torque RUN=1 SEED=42 ===
=== TASK=button-press-topdown-v3 MODEL=metaworld_force_torque RUN=2 SEED=43 ===
=== TASK=button-press-topdown-v3 MODEL=metaworld_force_torque RUN=3 SEED=44 ===
=== TASK=button-press-topdown-v3 MODEL=metaworld_gated RUN=1 SEED=42 ===
=== TASK=button-press-topdown-v3 MODEL=metaworld_gated RUN=2 SEED=43 ===
=== TASK=button-press-topdown-v3 MODEL=metaworld_gated RUN=3 SEED=44 ===
=== TASK=button-press-topdown-v3 MODEL=metaworld_pixels RUN=1 SEED=42 ===
=== TASK=button-press-topdown-v3 MODEL=metaworld_pixels RUN=2 SEED=43 ===
=== TASK=button-press-topdown-v3 MODEL=metaworld_pixels RUN=3 SEED=44 ===
=== TASK=button-press-topdown-v3 MODEL=metaworld_selfattention RUN=1 SEED=42 ===
=== TASK=button-press-topdown-v3 MODEL=metaworld_selfattention RUN=2 SEED=43 ===
=== TASK=button-press-topdown-v3 MODEL=metaworld_selfattention RUN=3 SEED=44 ===
=== TASK=button-press-topdown-v3 MODEL=metaworld_selfattention_masked_all RUN=1 SEED=42 ===
=== TASK=button-press-topdown-v3 MODEL=metaworld_selfattention_masked_all RUN=2 SEED=43 ===
=== TASK=button-press-topdown-v3 MODEL=metaworld_selfattention_masked_all RUN=3 SEED=44 ===
=== TASK=button-press-topdown-v3 MODEL=metaworld_selfattention_masked_pixels_only RUN=1 SEED=42 ===
=== TASK=button-press-topdown-v3 MODEL=metaworld_selfattention_masked_pixels_only RUN=2 SEED=43 ===
=== TASK=button-press-topdown-v3 MODEL=metaworld_selfattention_masked_pixels_only RUN=3 SEED=44 ===
=== TASK=button-press-topdown-wall-v3 MODEL=random_policy RUN=1 SEED=42 ===
=== TASK=button-press-topdown-wall-v3 MODEL=random_policy RUN=2 SEED=43 ===
=== TASK=button-press-topdown-wall-v3 MODEL=random_policy RUN=3 SEED=44 ===
=== TASK=button-press-topdown-wall-v3 MODEL=metaworld_force_torque RUN=1 SEED=42 ===
=== TASK=button-press-topdown-wall-v3 MODEL=metaworld_force_torque RUN=2 SEED=43 ===
=== TASK=button-press-topdown-wall-v3 MODEL=metaworld_force_torque RUN=3 SEED=44 ===
=== TASK=button-press-topdown-wall-v3 MODEL=metaworld_gated RUN=1 SEED=42 ===
=== TASK=button-press-topdown-wall-v3 MODEL=metaworld_gated RUN=2 SEED=43 ===
=== TASK=button-press-topdown-wall-v3 MODEL=metaworld_gated RUN=3 SEED=44 ===
=== TASK=button-press-topdown-wall-v3 MODEL=metaworld_pixels RUN=1 SEED=42 ===
=== TASK=button-press-topdown-wall-v3 MODEL=metaworld_pixels RUN=2 SEED=43 ===
=== TASK=button-press-topdown-wall-v3 MODEL=metaworld_pixels RUN=3 SEED=44 ===
=== TASK=button-press-topdown-wall-v3 MODEL=metaworld_selfattention RUN=1 SEED=42 ===
=== TASK=button-press-topdown-wall-v3 MODEL=metaworld_selfattention RUN=2 SEED=43 ===
=== TASK=button-press-topdown-wall-v3 MODEL=metaworld_selfattention RUN=3 SEED=44 ===
=== TASK=button-press-topdown-wall-v3 MODEL=metaworld_selfattention_masked_all RUN=1 SEED=42 ===
=== TASK=button-press-topdown-wall-v3 MODEL=metaworld_selfattention_masked_all RUN=2 SEED=43 ===
=== TASK=button-press-topdown-wall-v3 MODEL=metaworld_selfattention_masked_all RUN=3 SEED=44 ===
=== TASK=button-press-topdown-wall-v3 MODEL=metaworld_selfattention_masked_pixels_only RUN=1 SEED=42 ===
=== TASK=button-press-topdown-wall-v3 MODEL=metaworld_selfattention_masked_pixels_only RUN=2 SEED=43 ===
=== TASK=button-press-topdown-wall-v3 MODEL=metaworld_selfattention_masked_pixels_only RUN=3 SEED=44 ===
=== TASK=button-press-v3 MODEL=random_policy RUN=1 SEED=42 ===
=== TASK=button-press-v3 MODEL=random_policy RUN=2 SEED=43 ===
=== TASK=button-press-v3 MODEL=random_policy RUN=3 SEED=44 ===
=== TASK=button-press-v3 MODEL=metaworld_force_torque RUN=1 SEED=42 ===
=== TASK=button-press-v3 MODEL=metaworld_force_torque RUN=2 SEED=43 ===
=== TASK=button-press-v3 MODEL=metaworld_force_torque RUN=3 SEED=44 ===
=== TASK=button-press-v3 MODEL=metaworld_gated RUN=1 SEED=42 ===
=== TASK=button-press-v3 MODEL=metaworld_gated RUN=2 SEED=43 ===
=== TASK=button-press-v3 MODEL=metaworld_gated RUN=3 SEED=44 ===
=== TASK=button-press-v3 MODEL=metaworld_pixels RUN=1 SEED=42 ===
=== TASK=button-press-v3 MODEL=metaworld_pixels RUN=2 SEED=43 ===
=== TASK=button-press-v3 MODEL=metaworld_pixels RUN=3 SEED=44 ===
=== TASK=button-press-v3 MODEL=metaworld_selfattention RUN=1 SEED=42 ===
=== TASK=button-press-v3 MODEL=metaworld_selfattention RUN=2 SEED=43 ===
=== TASK=button-press-v3 MODEL=metaworld_selfattention RUN=3 SEED=44 ===
=== TASK=button-press-v3 MODEL=metaworld_selfattention_masked_all RUN=1 SEED=42 ===
=== TASK=button-press-v3 MODEL=metaworld_selfattention_masked_all RUN=2 SEED=43 ===
=== TASK=button-press-v3 MODEL=metaworld_selfattention_masked_all RUN=3 SEED=44 ===
=== TASK=button-press-v3 MODEL=metaworld_selfattention_masked_pixels_only RUN=1 SEED=42 ===
=== TASK=button-press-v3 MODEL=metaworld_selfattention_masked_pixels_only RUN=2 SEED=43 ===
=== TASK=button-press-v3 MODEL=metaworld_selfattention_masked_pixels_only RUN=3 SEED=44 ===
=== TASK=button-press-wall-v3 MODEL=random_policy RUN=1 SEED=42 ===
=== TASK=button-press-wall-v3 MODEL=random_policy RUN=2 SEED=43 ===
=== TASK=button-press-wall-v3 MODEL=random_policy RUN=3 SEED=44 ===
=== TASK=button-press-wall-v3 MODEL=metaworld_force_torque RUN=1 SEED=42 ===
=== TASK=button-press-wall-v3 MODEL=metaworld_force_torque RUN=2 SEED=43 ===
=== TASK=button-press-wall-v3 MODEL=metaworld_force_torque RUN=3 SEED=44 ===
=== TASK=button-press-wall-v3 MODEL=metaworld_gated RUN=1 SEED=42 ===
=== TASK=button-press-wall-v3 MODEL=metaworld_gated RUN=2 SEED=43 ===
=== TASK=button-press-wall-v3 MODEL=metaworld_gated RUN=3 SEED=44 ===
=== TASK=button-press-wall-v3 MODEL=metaworld_pixels RUN=1 SEED=42 ===
=== TASK=button-press-wall-v3 MODEL=metaworld_pixels RUN=2 SEED=43 ===
=== TASK=button-press-wall-v3 MODEL=metaworld_pixels RUN=3 SEED=44 ===
=== TASK=button-press-wall-v3 MODEL=metaworld_selfattention RUN=1 SEED=42 ===
=== TASK=button-press-wall-v3 MODEL=metaworld_selfattention RUN=2 SEED=43 ===
=== TASK=button-press-wall-v3 MODEL=metaworld_selfattention RUN=3 SEED=44 ===
=== TASK=button-press-wall-v3 MODEL=metaworld_selfattention_masked_all RUN=1 SEED=42 ===
=== TASK=button-press-wall-v3 MODEL=metaworld_selfattention_masked_all RUN=2 SEED=43 ===
=== TASK=button-press-wall-v3 MODEL=metaworld_selfattention_masked_all RUN=3 SEED=44 ===
=== TASK=button-press-wall-v3 MODEL=metaworld_selfattention_masked_pixels_only RUN=1 SEED=42 ===
=== TASK=button-press-wall-v3 MODEL=metaworld_selfattention_masked_pixels_only RUN=2 SEED=43 ===
=== TASK=button-press-wall-v3 MODEL=metaworld_selfattention_masked_pixels_only RUN=3 SEED=44 ===
=== TASK=coffee-button-v3 MODEL=random_policy RUN=1 SEED=42 ===
=== TASK=coffee-button-v3 MODEL=random_policy RUN=2 SEED=43 ===
=== TASK=coffee-button-v3 MODEL=random_policy RUN=3 SEED=44 ===
=== TASK=coffee-button-v3 MODEL=metaworld_force_torque RUN=1 SEED=42 ===
=== TASK=coffee-button-v3 MODEL=metaworld_force_torque RUN=2 SEED=43 ===
=== TASK=coffee-button-v3 MODEL=metaworld_force_torque RUN=3 SEED=44 ===
=== TASK=coffee-button-v3 MODEL=metaworld_gated RUN=1 SEED=42 ===
=== TASK=coffee-button-v3 MODEL=metaworld_gated RUN=2 SEED=43 ===
=== TASK=coffee-button-v3 MODEL=metaworld_gated RUN=3 SEED=44 ===
=== TASK=coffee-button-v3 MODEL=metaworld_pixels RUN=1 SEED=42 ===
=== TASK=coffee-button-v3 MODEL=metaworld_pixels RUN=2 SEED=43 ===
=== TASK=coffee-button-v3 MODEL=metaworld_pixels RUN=3 SEED=44 ===
=== TASK=coffee-button-v3 MODEL=metaworld_selfattention RUN=1 SEED=42 ===
=== TASK=coffee-button-v3 MODEL=metaworld_selfattention RUN=2 SEED=43 ===
=== TASK=coffee-button-v3 MODEL=metaworld_selfattention RUN=3 SEED=44 ===
=== TASK=coffee-button-v3 MODEL=metaworld_selfattention_masked_all RUN=1 SEED=42 ===
=== TASK=coffee-button-v3 MODEL=metaworld_selfattention_masked_all RUN=2 SEED=43 ===
=== TASK=coffee-button-v3 MODEL=metaworld_selfattention_masked_all RUN=3 SEED=44 ===
=== TASK=coffee-button-v3 MODEL=metaworld_selfattention_masked_pixels_only RUN=1 SEED=42 ===
=== TASK=coffee-button-v3 MODEL=metaworld_selfattention_masked_pixels_only RUN=2 SEED=43 ===
=== TASK=coffee-button-v3 MODEL=metaworld_selfattention_masked_pixels_only RUN=3 SEED=44 ===
=== TASK=coffee-pull-v3 MODEL=random_policy RUN=1 SEED=42 ===
=== TASK=coffee-pull-v3 MODEL=random_policy RUN=2 SEED=43 ===
=== TASK=coffee-pull-v3 MODEL=random_policy RUN=3 SEED=44 ===
=== TASK=coffee-pull-v3 MODEL=metaworld_force_torque RUN=1 SEED=42 ===
=== TASK=coffee-pull-v3 MODEL=metaworld_force_torque RUN=2 SEED=43 ===
=== TASK=coffee-pull-v3 MODEL=metaworld_force_torque RUN=3 SEED=44 ===
=== TASK=coffee-pull-v3 MODEL=metaworld_gated RUN=1 SEED=42 ===
=== TASK=coffee-pull-v3 MODEL=metaworld_gated RUN=2 SEED=43 ===
=== TASK=coffee-pull-v3 MODEL=metaworld_gated RUN=3 SEED=44 ===
=== TASK=coffee-pull-v3 MODEL=metaworld_pixels RUN=1 SEED=42 ===
=== TASK=coffee-pull-v3 MODEL=metaworld_pixels RUN=2 SEED=43 ===
=== TASK=coffee-pull-v3 MODEL=metaworld_pixels RUN=3 SEED=44 ===
=== TASK=coffee-pull-v3 MODEL=metaworld_selfattention RUN=1 SEED=42 ===
=== TASK=coffee-pull-v3 MODEL=metaworld_selfattention RUN=2 SEED=43 ===
=== TASK=coffee-pull-v3 MODEL=metaworld_selfattention RUN=3 SEED=44 ===
=== TASK=coffee-pull-v3 MODEL=metaworld_selfattention_masked_all RUN=1 SEED=42 ===
=== TASK=coffee-pull-v3 MODEL=metaworld_selfattention_masked_all RUN=2 SEED=43 ===
=== TASK=coffee-pull-v3 MODEL=metaworld_selfattention_masked_all RUN=3 SEED=44 ===
=== TASK=coffee-pull-v3 MODEL=metaworld_selfattention_masked_pixels_only RUN=1 SEED=42 ===
=== TASK=coffee-pull-v3 MODEL=metaworld_selfattention_masked_pixels_only RUN=2 SEED=43 ===
=== TASK=coffee-pull-v3 MODEL=metaworld_selfattention_masked_pixels_only RUN=3 SEED=44 ===
=== TASK=coffee-push-v3 MODEL=random_policy RUN=1 SEED=42 ===
=== TASK=coffee-push-v3 MODEL=random_policy RUN=2 SEED=43 ===
